#
# There is insufficient memory for the Java Runtime Environment to continue.
# Native memory allocation (malloc) failed to allocate 808384 bytes. Error detail: Chunk::new
# Possible reasons:
#   The system is out of physical RAM or swap space
#   This process is running with CompressedOops enabled, and the Java Heap may be blocking the growth of the native heap
# Possible solutions:
#   Reduce memory load on the system
#   Increase physical memory or swap space
#   Check if swap backing store is full
#   Decrease Java heap size (-Xmx/-Xms)
#   Decrease number of Java threads
#   Decrease Java thread stack sizes (-Xss)
#   Set larger code cache with -XX:ReservedCodeCacheSize=
#   JVM is running with Zero Based Compressed Oops mode in which the Java heap is
#     placed in the first 32GB address space. The Java Heap base address is the
#     maximum limit for the native heap growth. Please use -XX:HeapBaseMinAddress
#     to set the Java Heap base and to place the Java Heap above 32GB virtual address.
# This output file may be truncated or incomplete.
#
#  Out of Memory Error (arena.cpp:168), pid=33284, tid=18648
#
# JRE version: OpenJDK Runtime Environment Temurin-21.0.3+9 (21.0.3+9) (build 21.0.3+9-LTS)
# Java VM: OpenJDK 64-Bit Server VM Temurin-21.0.3+9 (21.0.3+9-LTS, mixed mode, sharing, tiered, compressed oops, compressed class ptrs, g1 gc, windows-amd64)
# No core dump will be written. Minidumps are not enabled by default on client versions of Windows
#

---------------  S U M M A R Y ------------

Command Line: --add-opens=java.base/java.lang=ALL-UNNAMED --add-opens=java.base/java.lang.invoke=ALL-UNNAMED --add-opens=java.base/java.util=ALL-UNNAMED --add-opens=java.prefs/java.util.prefs=ALL-UNNAMED --add-exports=jdk.compiler/com.sun.tools.javac.api=ALL-UNNAMED --add-exports=jdk.compiler/com.sun.tools.javac.util=ALL-UNNAMED --add-opens=java.base/java.util=ALL-UNNAMED --add-opens=java.prefs/java.util.prefs=ALL-UNNAMED --add-opens=java.base/java.nio.charset=ALL-UNNAMED --add-opens=java.base/java.net=ALL-UNNAMED --add-opens=java.base/java.util.concurrent.atomic=ALL-UNNAMED --add-opens=java.xml/javax.xml.namespace=ALL-UNNAMED -XX:MaxMetaspaceSize=4G -XX:ReservedCodeCacheSize=512m -XX:+HeapDumpOnOutOfMemoryError -Xmx8G -Dfile.encoding=UTF-8 -Duser.country=US -Duser.language=en -Duser.variant -javaagent:C:\gradle-home\wrapper\dists\gradle-8.14-all\c2qonpi39x1mddn7hk5gh9iqj\gradle-8.14\lib\agents\gradle-instrumentation-agent-8.14.jar org.gradle.launcher.daemon.bootstrap.GradleDaemon 8.14

Host: 12th Gen Intel(R) Core(TM) i7-1255U, 12 cores, 15G,  Windows 11 , 64 bit Build 26100 (10.0.26100.8115)
Time: Mon Apr  6 18:23:08 2026 W. Central Africa Standard Time elapsed time: 24.228415 seconds (0d 0h 0m 24s)

---------------  T H R E A D  ---------------

Current thread (0x00000207008be880):  JavaThread "C2 CompilerThread1" daemon [_thread_in_native, id=18648, stack(0x0000009959200000,0x0000009959300000) (1024K)]


Current CompileTask:
C2:  24229 8966       4       org.gradle.cache.internal.btree.CachingBlockStore::read (56 bytes)

Stack: [0x0000009959200000,0x0000009959300000]
Native frames: (J=compiled Java code, j=interpreted, Vv=VM code, C=native code)
V  [jvm.dll+0x6c8699]
V  [jvm.dll+0x8a2061]
V  [jvm.dll+0x8a458e]
V  [jvm.dll+0x8a4c63]
V  [jvm.dll+0x27e476]
V  [jvm.dll+0xc4a1d]
V  [jvm.dll+0xc4f53]
V  [jvm.dll+0x3b265c]
V  [jvm.dll+0x1df899]
V  [jvm.dll+0x246b12]
V  [jvm.dll+0x245f9f]
V  [jvm.dll+0x1c6f4e]
V  [jvm.dll+0x255719]
V  [jvm.dll+0x253cba]
V  [jvm.dll+0x3ec1e6]
V  [jvm.dll+0x84bf8b]
V  [jvm.dll+0x6c6dcd]
C  [ucrtbase.dll+0x37b0]
C  [KERNEL32.DLL+0x2e8d7]
C  [ntdll.dll+0x8c3fc]


---------------  P R O C E S S  ---------------

Threads class SMR info:
_java_thread_list=0x0000020781ac8030, length=119, elements={
0x0000020703606210, 0x000002073838d0e0, 0x000002073838e860, 0x000002073838ffe0,
0x0000020738390a40, 0x0000020738391700, 0x0000020738392160, 0x0000020738392ef0,
0x00000207383966c0, 0x00000207001060f0, 0x0000020700320400, 0x00000207011981d0,
0x00000207016da2e0, 0x00000207013d8370, 0x00000207024e6530, 0x0000020702309120,
0x000002070248f200, 0x000002070230ae90, 0x00000207022ed950, 0x00000207022ee670,
0x00000207022ecc30, 0x00000207022eed00, 0x00000207022ef390, 0x00000207022ed2c0,
0x00000207022efa20, 0x00000207022f00b0, 0x0000020700899be0, 0x000002070089a270,
0x000002070089a900, 0x000002070089af90, 0x00000207008981a0, 0x000002070089b620,
0x00000207029452b0, 0x00000207029424c0, 0x0000020702944590, 0x000002078324ff00,
0x0000020783250590, 0x0000020783250c20, 0x000002078324de30, 0x000002078324d7a0,
0x00000207832512b0, 0x0000020783251940, 0x0000020783251fd0, 0x000002078324eb50,
0x0000020783252660, 0x0000020783253380, 0x0000020783254dc0, 0x0000020783252cf0,
0x0000020783253a10, 0x00000207832540a0, 0x0000020783254730, 0x0000020782b40d30,
0x0000020782b3f2f0, 0x0000020782b3f980, 0x0000020782b43490, 0x0000020782b413c0,
0x0000020782b41a50, 0x0000020782b420e0, 0x0000020782b42770, 0x0000020782b42e00,
0x0000020782b40010, 0x0000020782b43b20, 0x0000020782b406a0, 0x0000020782b441b0,
0x0000020782b46910, 0x0000020782b44840, 0x0000020782b44ed0, 0x0000020782b45560,
0x0000020782b45bf0, 0x000002078034bbd0, 0x00000207008be880, 0x000002078034dca0,
0x000002078034cf80, 0x000002078034c8f0, 0x000002078034e9c0, 0x000002078034d610,
0x000002078034e330, 0x000002078034f050, 0x000002078034f6e0, 0x0000020781f965c0,
0x0000020781f97970, 0x0000020781f95f30, 0x0000020781f98000, 0x0000020781f98690,
0x0000020781f958a0, 0x0000020781f96c50, 0x0000020781f972e0, 0x0000020783065bf0,
0x0000020783066280, 0x0000020783068350, 0x0000020783066fa0, 0x0000020783067630,
0x00000207830689e0, 0x0000020783066910, 0x0000020783065560, 0x0000020783069d90,
0x000002078306aab0, 0x0000020783069070, 0x0000020783067cc0, 0x0000020783069700,
0x000002078306cb80, 0x000002078306a420, 0x000002078306c4f0, 0x000002078306b140,
0x000002078306be60, 0x000002078306b7d0, 0x0000020782f595f0, 0x0000020782f58f60,
0x0000020782f59c80, 0x0000020782f57520, 0x0000020782f56800, 0x0000020782f57bb0,
0x0000020782f58240, 0x0000020782f588d0, 0x0000020782f5a310, 0x0000020782f56e90,
0x0000020782f5d790, 0x0000020782f5de20, 0x0000020782f5b6c0
}

Java Threads: ( => current thread )
  0x0000020703606210 JavaThread "main"                              [_thread_blocked, id=27208, stack(0x0000009956a00000,0x0000009956b00000) (1024K)]
  0x000002073838d0e0 JavaThread "Reference Handler"          daemon [_thread_blocked, id=35544, stack(0x0000009957200000,0x0000009957300000) (1024K)]
  0x000002073838e860 JavaThread "Finalizer"                  daemon [_thread_blocked, id=21364, stack(0x0000009957300000,0x0000009957400000) (1024K)]
  0x000002073838ffe0 JavaThread "Signal Dispatcher"          daemon [_thread_blocked, id=19128, stack(0x0000009957400000,0x0000009957500000) (1024K)]
  0x0000020738390a40 JavaThread "Attach Listener"            daemon [_thread_blocked, id=10776, stack(0x0000009957500000,0x0000009957600000) (1024K)]
  0x0000020738391700 JavaThread "Service Thread"             daemon [_thread_blocked, id=36680, stack(0x0000009957600000,0x0000009957700000) (1024K)]
  0x0000020738392160 JavaThread "Monitor Deflation Thread"   daemon [_thread_blocked, id=27588, stack(0x0000009957700000,0x0000009957800000) (1024K)]
  0x0000020738392ef0 JavaThread "C2 CompilerThread0"         daemon [_thread_in_native, id=35700, stack(0x0000009957800000,0x0000009957900000) (1024K)]
  0x00000207383966c0 JavaThread "C1 CompilerThread0"         daemon [_thread_blocked, id=36720, stack(0x0000009957900000,0x0000009957a00000) (1024K)]
  0x00000207001060f0 JavaThread "Common-Cleaner"             daemon [_thread_blocked, id=30132, stack(0x0000009957a00000,0x0000009957b00000) (1024K)]
  0x0000020700320400 JavaThread "Notification Thread"        daemon [_thread_blocked, id=34912, stack(0x0000009957b00000,0x0000009957c00000) (1024K)]
  0x00000207011981d0 JavaThread "Daemon health stats"               [_thread_blocked, id=32280, stack(0x0000009958200000,0x0000009958300000) (1024K)]
  0x00000207016da2e0 JavaThread "Incoming local TCP Connector on port 7979"        [_thread_in_native, id=28820, stack(0x0000009958100000,0x0000009958200000) (1024K)]
  0x00000207013d8370 JavaThread "Daemon periodic checks"            [_thread_blocked, id=29200, stack(0x0000009958300000,0x0000009958400000) (1024K)]
  0x00000207024e6530 JavaThread "Daemon"                            [_thread_blocked, id=23464, stack(0x0000009958800000,0x0000009958900000) (1024K)]
  0x0000020702309120 JavaThread "Handler for socket connection from /127.0.0.1:7979 to /127.0.0.1:7980"        [_thread_in_native, id=30580, stack(0x0000009958900000,0x0000009958a00000) (1024K)]
  0x000002070248f200 JavaThread "Cancel handler"                    [_thread_blocked, id=31036, stack(0x0000009958a00000,0x0000009958b00000) (1024K)]
  0x000002070230ae90 JavaThread "Daemon worker"                     [_thread_blocked, id=31260, stack(0x0000009958b00000,0x0000009958c00000) (1024K)]
  0x00000207022ed950 JavaThread "Asynchronous log dispatcher for DefaultDaemonConnection: socket connection from /127.0.0.1:7979 to /127.0.0.1:7980"        [_thread_blocked, id=26188, stack(0x0000009958c00000,0x0000009958d00000) (1024K)]
  0x00000207022ee670 JavaThread "Stdin handler"                     [_thread_blocked, id=10096, stack(0x0000009958d00000,0x0000009958e00000) (1024K)]
  0x00000207022ecc30 JavaThread "Daemon client event forwarder"        [_thread_blocked, id=30824, stack(0x0000009958e00000,0x0000009958f00000) (1024K)]
  0x00000207022eed00 JavaThread "Cache worker for journal cache (C:\gradle-home\caches\journal-1)"        [_thread_blocked, id=35800, stack(0x0000009958f00000,0x0000009959000000) (1024K)]
  0x00000207022ef390 JavaThread "File lock request listener"        [_thread_in_native, id=28856, stack(0x0000009959000000,0x0000009959100000) (1024K)]
  0x00000207022ed2c0 JavaThread "Cache worker for file hash cache (C:\gradle-home\caches\8.14\fileHashes)"        [_thread_blocked, id=12908, stack(0x0000009959100000,0x0000009959200000) (1024K)]
  0x00000207022efa20 JavaThread "Cache worker for file hash cache (C:\Users\Nguend Arthur Johann\Downloads\diplomax_cm\diplomax_recruiter\android\.gradle\8.14\fileHashes)"        [_thread_blocked, id=31244, stack(0x0000009959500000,0x0000009959600000) (1024K)]
  0x00000207022f00b0 JavaThread "Cache worker for Build Output Cleanup Cache (C:\Users\Nguend Arthur Johann\Downloads\diplomax_cm\diplomax_recruiter\android\.gradle\buildOutputCleanup)"        [_thread_blocked, id=30204, stack(0x0000009959600000,0x0000009959700000) (1024K)]
  0x0000020700899be0 JavaThread "File watcher server"        daemon [_thread_in_native, id=15928, stack(0x0000009959700000,0x0000009959800000) (1024K)]
  0x000002070089a270 JavaThread "File watcher consumer"      daemon [_thread_blocked, id=31864, stack(0x0000009959800000,0x0000009959900000) (1024K)]
  0x000002070089a900 JavaThread "jar transforms"                    [_thread_blocked, id=27228, stack(0x0000009959900000,0x0000009959a00000) (1024K)]
  0x000002070089af90 JavaThread "jar transforms Thread 2"           [_thread_blocked, id=6132, stack(0x0000009959a00000,0x0000009959b00000) (1024K)]
  0x00000207008981a0 JavaThread "Cache worker for checksums cache (C:\Users\Nguend Arthur Johann\Downloads\diplomax_cm\diplomax_recruiter\android\.gradle\8.14\checksums)"        [_thread_blocked, id=29144, stack(0x0000009959c00000,0x0000009959d00000) (1024K)]
  0x000002070089b620 JavaThread "Cache worker for file content cache (C:\gradle-home\caches\8.14\fileContent)"        [_thread_blocked, id=33816, stack(0x0000009959d00000,0x0000009959e00000) (1024K)]
  0x00000207029452b0 JavaThread "Cache worker for cache directory md-supplier (C:\gradle-home\caches\8.14\md-supplier)"        [_thread_blocked, id=9696, stack(0x0000009959e00000,0x0000009959f00000) (1024K)]
  0x00000207029424c0 JavaThread "Cache worker for cache directory md-rule (C:\gradle-home\caches\8.14\md-rule)"        [_thread_blocked, id=25124, stack(0x0000009959f00000,0x000000995a000000) (1024K)]
  0x0000020702944590 JavaThread "Cache worker for Build Output Cleanup Cache (C:\flutter\flutter\packages\flutter_tools\gradle\.gradle\buildOutputCleanup)"        [_thread_blocked, id=20420, stack(0x000000995a000000,0x000000995a100000) (1024K)]
  0x000002078324ff00 JavaThread "Unconstrained build operations"        [_thread_blocked, id=35724, stack(0x000000995a100000,0x000000995a200000) (1024K)]
  0x0000020783250590 JavaThread "Unconstrained build operations Thread 2"        [_thread_blocked, id=24364, stack(0x000000995a200000,0x000000995a300000) (1024K)]
  0x0000020783250c20 JavaThread "Unconstrained build operations Thread 3"        [_thread_blocked, id=10716, stack(0x000000995a300000,0x000000995a400000) (1024K)]
  0x000002078324de30 JavaThread "Unconstrained build operations Thread 4"        [_thread_blocked, id=36764, stack(0x000000995a400000,0x000000995a500000) (1024K)]
  0x000002078324d7a0 JavaThread "Unconstrained build operations Thread 5"        [_thread_blocked, id=26184, stack(0x000000995a500000,0x000000995a600000) (1024K)]
  0x00000207832512b0 JavaThread "Unconstrained build operations Thread 6"        [_thread_blocked, id=30344, stack(0x000000995a600000,0x000000995a700000) (1024K)]
  0x0000020783251940 JavaThread "Unconstrained build operations Thread 7"        [_thread_blocked, id=21380, stack(0x000000995a700000,0x000000995a800000) (1024K)]
  0x0000020783251fd0 JavaThread "Unconstrained build operations Thread 8"        [_thread_blocked, id=33772, stack(0x000000995a800000,0x000000995a900000) (1024K)]
  0x000002078324eb50 JavaThread "Unconstrained build operations Thread 9"        [_thread_blocked, id=2256, stack(0x000000995a900000,0x000000995aa00000) (1024K)]
  0x0000020783252660 JavaThread "Unconstrained build operations Thread 10"        [_thread_blocked, id=916, stack(0x000000995aa00000,0x000000995ab00000) (1024K)]
  0x0000020783253380 JavaThread "Unconstrained build operations Thread 11"        [_thread_blocked, id=31472, stack(0x000000995ab00000,0x000000995ac00000) (1024K)]
  0x0000020783254dc0 JavaThread "Unconstrained build operations Thread 12"        [_thread_blocked, id=12980, stack(0x000000995ac00000,0x000000995ad00000) (1024K)]
  0x0000020783252cf0 JavaThread "Unconstrained build operations Thread 13"        [_thread_blocked, id=31840, stack(0x000000995ad00000,0x000000995ae00000) (1024K)]
  0x0000020783253a10 JavaThread "Unconstrained build operations Thread 14"        [_thread_blocked, id=29844, stack(0x000000995ae00000,0x000000995af00000) (1024K)]
  0x00000207832540a0 JavaThread "Unconstrained build operations Thread 15"        [_thread_blocked, id=3384, stack(0x000000995af00000,0x000000995b000000) (1024K)]
  0x0000020783254730 JavaThread "Unconstrained build operations Thread 16"        [_thread_blocked, id=31900, stack(0x000000995b000000,0x000000995b100000) (1024K)]
  0x0000020782b40d30 JavaThread "Unconstrained build operations Thread 17"        [_thread_blocked, id=24440, stack(0x000000995b100000,0x000000995b200000) (1024K)]
  0x0000020782b3f2f0 JavaThread "Unconstrained build operations Thread 18"        [_thread_blocked, id=388, stack(0x000000995b200000,0x000000995b300000) (1024K)]
  0x0000020782b3f980 JavaThread "Unconstrained build operations Thread 19"        [_thread_blocked, id=29216, stack(0x000000995b300000,0x000000995b400000) (1024K)]
  0x0000020782b43490 JavaThread "Unconstrained build operations Thread 20"        [_thread_blocked, id=14948, stack(0x000000995b400000,0x000000995b500000) (1024K)]
  0x0000020782b413c0 JavaThread "Unconstrained build operations Thread 21"        [_thread_blocked, id=17740, stack(0x000000995b500000,0x000000995b600000) (1024K)]
  0x0000020782b41a50 JavaThread "Unconstrained build operations Thread 22"        [_thread_blocked, id=32440, stack(0x000000995b600000,0x000000995b700000) (1024K)]
  0x0000020782b420e0 JavaThread "Unconstrained build operations Thread 23"        [_thread_blocked, id=15376, stack(0x000000995b700000,0x000000995b800000) (1024K)]
  0x0000020782b42770 JavaThread "Unconstrained build operations Thread 24"        [_thread_blocked, id=6092, stack(0x000000995b800000,0x000000995b900000) (1024K)]
  0x0000020782b42e00 JavaThread "Unconstrained build operations Thread 25"        [_thread_blocked, id=3740, stack(0x000000995b900000,0x000000995ba00000) (1024K)]
  0x0000020782b40010 JavaThread "Unconstrained build operations Thread 26"        [_thread_blocked, id=24292, stack(0x000000995ba00000,0x000000995bb00000) (1024K)]
  0x0000020782b43b20 JavaThread "Unconstrained build operations Thread 27"        [_thread_blocked, id=27972, stack(0x000000995bb00000,0x000000995bc00000) (1024K)]
  0x0000020782b406a0 JavaThread "Unconstrained build operations Thread 28"        [_thread_blocked, id=31192, stack(0x000000995bc00000,0x000000995bd00000) (1024K)]
  0x0000020782b441b0 JavaThread "Unconstrained build operations Thread 29"        [_thread_blocked, id=21328, stack(0x000000995bd00000,0x000000995be00000) (1024K)]
  0x0000020782b46910 JavaThread "Unconstrained build operations Thread 30"        [_thread_blocked, id=29656, stack(0x000000995be00000,0x000000995bf00000) (1024K)]
  0x0000020782b44840 JavaThread "Unconstrained build operations Thread 31"        [_thread_blocked, id=15652, stack(0x000000995bf00000,0x000000995c000000) (1024K)]
  0x0000020782b44ed0 JavaThread "Unconstrained build operations Thread 32"        [_thread_blocked, id=16340, stack(0x000000995c000000,0x000000995c100000) (1024K)]
  0x0000020782b45560 JavaThread "Unconstrained build operations Thread 33"        [_thread_blocked, id=2572, stack(0x000000995c100000,0x000000995c200000) (1024K)]
  0x0000020782b45bf0 JavaThread "Memory manager"                    [_thread_blocked, id=28248, stack(0x000000995c200000,0x000000995c300000) (1024K)]
  0x000002078034bbd0 JavaThread "build event listener"              [_thread_blocked, id=25108, stack(0x0000009959b00000,0x0000009959c00000) (1024K)]
=>0x00000207008be880 JavaThread "C2 CompilerThread1"         daemon [_thread_in_native, id=18648, stack(0x0000009959200000,0x0000009959300000) (1024K)]
  0x000002078034dca0 JavaThread "included builds"                   [_thread_blocked, id=28000, stack(0x000000995c400000,0x000000995c500000) (1024K)]
  0x000002078034cf80 JavaThread "Execution worker"                  [_thread_in_vm, id=32968, stack(0x000000995c500000,0x000000995c600000) (1024K)]
  0x000002078034c8f0 JavaThread "Execution worker Thread 2"         [_thread_blocked, id=13688, stack(0x000000995c600000,0x000000995c700000) (1024K)]
  0x000002078034e9c0 JavaThread "Execution worker Thread 3"         [_thread_blocked, id=24352, stack(0x000000995c700000,0x000000995c800000) (1024K)]
  0x000002078034d610 JavaThread "Execution worker Thread 4"         [_thread_blocked, id=29420, stack(0x000000995c800000,0x000000995c900000) (1024K)]
  0x000002078034e330 JavaThread "Execution worker Thread 5"         [_thread_blocked, id=29220, stack(0x000000995c900000,0x000000995ca00000) (1024K)]
  0x000002078034f050 JavaThread "Execution worker Thread 6"         [_thread_blocked, id=27416, stack(0x000000995ca00000,0x000000995cb00000) (1024K)]
  0x000002078034f6e0 JavaThread "Execution worker Thread 7"         [_thread_blocked, id=31236, stack(0x000000995cb00000,0x000000995cc00000) (1024K)]
  0x0000020781f965c0 JavaThread "Execution worker Thread 8"         [_thread_blocked, id=11248, stack(0x000000995cc00000,0x000000995cd00000) (1024K)]
  0x0000020781f97970 JavaThread "Execution worker Thread 9"         [_thread_blocked, id=2632, stack(0x000000995cd00000,0x000000995ce00000) (1024K)]
  0x0000020781f95f30 JavaThread "Execution worker Thread 10"        [_thread_blocked, id=3196, stack(0x000000995ce00000,0x000000995cf00000) (1024K)]
  0x0000020781f98000 JavaThread "Execution worker Thread 11"        [_thread_blocked, id=4636, stack(0x000000995cf00000,0x000000995d000000) (1024K)]
  0x0000020781f98690 JavaThread "Cache worker for execution history cache (C:\flutter\flutter\packages\flutter_tools\gradle\.gradle\8.14\executionHistory)"        [_thread_blocked, id=29812, stack(0x000000995d000000,0x000000995d100000) (1024K)]
  0x0000020781f958a0 JavaThread "Unconstrained build operations Thread 34"        [_thread_blocked, id=27556, stack(0x000000995d100000,0x000000995d200000) (1024K)]
  0x0000020781f96c50 JavaThread "Unconstrained build operations Thread 35"        [_thread_blocked, id=36840, stack(0x000000995d200000,0x000000995d300000) (1024K)]
  0x0000020781f972e0 JavaThread "Unconstrained build operations Thread 36"        [_thread_blocked, id=26892, stack(0x000000995d300000,0x000000995d400000) (1024K)]
  0x0000020783065bf0 JavaThread "Unconstrained build operations Thread 37"        [_thread_blocked, id=35656, stack(0x000000995d400000,0x000000995d500000) (1024K)]
  0x0000020783066280 JavaThread "Unconstrained build operations Thread 38"        [_thread_blocked, id=2552, stack(0x000000995d500000,0x000000995d600000) (1024K)]
  0x0000020783068350 JavaThread "Unconstrained build operations Thread 39"        [_thread_blocked, id=14160, stack(0x000000995d600000,0x000000995d700000) (1024K)]
  0x0000020783066fa0 JavaThread "Unconstrained build operations Thread 40"        [_thread_blocked, id=9860, stack(0x000000995d700000,0x000000995d800000) (1024K)]
  0x0000020783067630 JavaThread "Unconstrained build operations Thread 41"        [_thread_blocked, id=34952, stack(0x000000995d800000,0x000000995d900000) (1024K)]
  0x00000207830689e0 JavaThread "Unconstrained build operations Thread 42"        [_thread_blocked, id=35856, stack(0x000000995d900000,0x000000995da00000) (1024K)]
  0x0000020783066910 JavaThread "Unconstrained build operations Thread 43"        [_thread_blocked, id=27408, stack(0x000000995da00000,0x000000995db00000) (1024K)]
  0x0000020783065560 JavaThread "Unconstrained build operations Thread 44"        [_thread_blocked, id=26572, stack(0x000000995db00000,0x000000995dc00000) (1024K)]
  0x0000020783069d90 JavaThread "Unconstrained build operations Thread 45"        [_thread_blocked, id=36272, stack(0x000000995dc00000,0x000000995dd00000) (1024K)]
  0x000002078306aab0 JavaThread "Unconstrained build operations Thread 46"        [_thread_blocked, id=25244, stack(0x000000995dd00000,0x000000995de00000) (1024K)]
  0x0000020783069070 JavaThread "Unconstrained build operations Thread 47"        [_thread_blocked, id=29416, stack(0x000000995de00000,0x000000995df00000) (1024K)]
  0x0000020783067cc0 JavaThread "Unconstrained build operations Thread 48"        [_thread_blocked, id=35992, stack(0x000000995df00000,0x000000995e000000) (1024K)]
  0x0000020783069700 JavaThread "Unconstrained build operations Thread 49"        [_thread_blocked, id=31596, stack(0x000000995e000000,0x000000995e100000) (1024K)]
  0x000002078306cb80 JavaThread "Unconstrained build operations Thread 50"        [_thread_blocked, id=18264, stack(0x000000995e100000,0x000000995e200000) (1024K)]
  0x000002078306a420 JavaThread "Unconstrained build operations Thread 51"        [_thread_blocked, id=32776, stack(0x000000995e200000,0x000000995e300000) (1024K)]
  0x000002078306c4f0 JavaThread "Unconstrained build operations Thread 52"        [_thread_blocked, id=14492, stack(0x000000995e300000,0x000000995e400000) (1024K)]
  0x000002078306b140 JavaThread "Unconstrained build operations Thread 53"        [_thread_blocked, id=2376, stack(0x000000995e400000,0x000000995e500000) (1024K)]
  0x000002078306be60 JavaThread "Unconstrained build operations Thread 54"        [_thread_blocked, id=26724, stack(0x000000995e500000,0x000000995e600000) (1024K)]
  0x000002078306b7d0 JavaThread "Unconstrained build operations Thread 55"        [_thread_blocked, id=36332, stack(0x000000995e600000,0x000000995e700000) (1024K)]
  0x0000020782f595f0 JavaThread "Unconstrained build operations Thread 56"        [_thread_blocked, id=31460, stack(0x000000995e700000,0x000000995e800000) (1024K)]
  0x0000020782f58f60 JavaThread "Unconstrained build operations Thread 57"        [_thread_blocked, id=31760, stack(0x000000995e800000,0x000000995e900000) (1024K)]
  0x0000020782f59c80 JavaThread "Unconstrained build operations Thread 58"        [_thread_blocked, id=7628, stack(0x000000995e900000,0x000000995ea00000) (1024K)]
  0x0000020782f57520 JavaThread "Unconstrained build operations Thread 59"        [_thread_blocked, id=30360, stack(0x000000995ea00000,0x000000995eb00000) (1024K)]
  0x0000020782f56800 JavaThread "Unconstrained build operations Thread 60"        [_thread_blocked, id=34956, stack(0x000000995eb00000,0x000000995ec00000) (1024K)]
  0x0000020782f57bb0 JavaThread "Unconstrained build operations Thread 61"        [_thread_blocked, id=21128, stack(0x000000995ec00000,0x000000995ed00000) (1024K)]
  0x0000020782f58240 JavaThread "Unconstrained build operations Thread 62"        [_thread_blocked, id=24392, stack(0x000000995ed00000,0x000000995ee00000) (1024K)]
  0x0000020782f588d0 JavaThread "Unconstrained build operations Thread 63"        [_thread_blocked, id=29924, stack(0x000000995ee00000,0x000000995ef00000) (1024K)]
  0x0000020782f5a310 JavaThread "Unconstrained build operations Thread 64"        [_thread_blocked, id=32052, stack(0x000000995ef00000,0x000000995f000000) (1024K)]
  0x0000020782f56e90 JavaThread "Unconstrained build operations Thread 65"        [_thread_blocked, id=30892, stack(0x000000995f000000,0x000000995f100000) (1024K)]
  0x0000020782f5d790 JavaThread "Unconstrained build operations Thread 66"        [_thread_blocked, id=27644, stack(0x000000995f100000,0x000000995f200000) (1024K)]
  0x0000020782f5de20 JavaThread "Unconstrained build operations Thread 67"        [_thread_blocked, id=31548, stack(0x000000995f200000,0x000000995f300000) (1024K)]
  0x0000020782f5b6c0 JavaThread "Unconstrained build operations Thread 68"        [_thread_blocked, id=32860, stack(0x000000995f300000,0x000000995f400000) (1024K)]
Total: 119

Other Threads:
  0x000002073836b480 VMThread "VM Thread"                           [id=15044, stack(0x0000009957100000,0x0000009957200000) (1024K)]
  0x000002073834e340 WatcherThread "VM Periodic Task Thread"        [id=2576, stack(0x0000009957000000,0x0000009957100000) (1024K)]
  0x00000207381e1120 WorkerThread "GC Thread#0"                     [id=15192, stack(0x0000009956b00000,0x0000009956c00000) (1024K)]
  0x0000020700367fe0 WorkerThread "GC Thread#1"                     [id=24804, stack(0x0000009957c00000,0x0000009957d00000) (1024K)]
  0x00000207003523f0 WorkerThread "GC Thread#2"                     [id=24324, stack(0x0000009957d00000,0x0000009957e00000) (1024K)]
  0x0000020700364d40 WorkerThread "GC Thread#3"                     [id=8668, stack(0x0000009957e00000,0x0000009957f00000) (1024K)]
  0x00000207003650e0 WorkerThread "GC Thread#4"                     [id=30104, stack(0x0000009957f00000,0x0000009958000000) (1024K)]
  0x0000020700365480 WorkerThread "GC Thread#5"                     [id=31732, stack(0x0000009958000000,0x0000009958100000) (1024K)]
  0x00000207021339a0 WorkerThread "GC Thread#6"                     [id=16616, stack(0x0000009958400000,0x0000009958500000) (1024K)]
  0x0000020700f3fce0 WorkerThread "GC Thread#7"                     [id=26396, stack(0x0000009958500000,0x0000009958600000) (1024K)]
  0x0000020700f40080 WorkerThread "GC Thread#8"                     [id=7236, stack(0x0000009958600000,0x0000009958700000) (1024K)]
  0x00000207024ce230 WorkerThread "GC Thread#9"                     [id=25780, stack(0x0000009958700000,0x0000009958800000) (1024K)]
  0x000002070367feb0 ConcurrentGCThread "G1 Main Marker"            [id=27748, stack(0x0000009956c00000,0x0000009956d00000) (1024K)]
  0x0000020703682890 WorkerThread "G1 Conc#0"                       [id=15180, stack(0x0000009956d00000,0x0000009956e00000) (1024K)]
  0x00000207024cdaf0 WorkerThread "G1 Conc#1"                       [id=28884, stack(0x0000009959300000,0x0000009959400000) (1024K)]
  0x00000207024ce5d0 WorkerThread "G1 Conc#2"                       [id=18872, stack(0x0000009959400000,0x0000009959500000) (1024K)]
  0x0000020738222fb0 ConcurrentGCThread "G1 Refine#0"               [id=27532, stack(0x0000009956e00000,0x0000009956f00000) (1024K)]
  0x00000207382238d0 ConcurrentGCThread "G1 Service"                [id=20184, stack(0x0000009956f00000,0x0000009957000000) (1024K)]
Total: 18

Threads with active compile tasks:
C2 CompilerThread1    24336 8966       4       org.gradle.cache.internal.btree.CachingBlockStore::read (56 bytes)
Total: 1

VM state: not at safepoint (normal execution)

VM Mutex/Monitor currently owned by a thread: None

Heap address: 0x0000000600000000, size: 8192 MB, Compressed Oops mode: Zero based, Oop shift amount: 3

CDS archive(s) mapped at: [0x000002073b000000-0x000002073bc90000-0x000002073bc90000), size 13172736, SharedBaseAddress: 0x000002073b000000, ArchiveRelocationMode: 1.
Compressed class space mapped at: 0x000002073c000000-0x000002077c000000, reserved size: 1073741824
Narrow klass base: 0x000002073b000000, Narrow klass shift: 0, Narrow klass range: 0x100000000

GC Precious Log:
 CardTable entry size: 512
 Card Set container configuration: InlinePtr #cards 4 size 8 Array Of Cards #cards 32 size 80 Howl #buckets 8 coarsen threshold 7372 Howl Bitmap #cards 1024 size 144 coarsen threshold 921 Card regions per heap region 1 cards per card region 8192
 CPUs: 12 total, 12 available
 Memory: 16068M
 Large Page Support: Disabled
 NUMA Support: Disabled
 Compressed Oops: Enabled (Zero based)
 Heap Region Size: 4M
 Heap Min Capacity: 8M
 Heap Initial Capacity: 252M
 Heap Max Capacity: 8G
 Pre-touch: Disabled
 Parallel Workers: 10
 Concurrent Workers: 3
 Concurrent Refinement Workers: 10
 Periodic GC: Disabled

Heap:
 garbage-first heap   total 159744K, used 111803K [0x0000000600000000, 0x0000000800000000)
  region size 4096K, 14 young (57344K), 3 survivors (12288K)
 Metaspace       used 74271K, committed 76416K, reserved 1114112K
  class space    used 10752K, committed 11840K, reserved 1048576K

Heap Regions: E=young(eden), S=young(survivor), O=old, HS=humongous(starts), HC=humongous(continues), CS=collection set, F=free, TAMS=top-at-mark-start, PB=parsable bottom
|   0|0x0000000600000000, 0x0000000600400000, 0x0000000600400000|100%|HS|  |TAMS 0x0000000600000000| PB 0x0000000600000000| Complete 
|   1|0x0000000600400000, 0x0000000600800000, 0x0000000600800000|100%| O|  |TAMS 0x0000000600400000| PB 0x0000000600400000| Untracked 
|   2|0x0000000600800000, 0x0000000600c00000, 0x0000000600c00000|100%| O|  |TAMS 0x0000000600800000| PB 0x0000000600800000| Untracked 
|   3|0x0000000600c00000, 0x0000000601000000, 0x0000000601000000|100%| O|  |TAMS 0x0000000600c00000| PB 0x0000000600c00000| Untracked 
|   4|0x0000000601000000, 0x0000000601400000, 0x0000000601400000|100%| O|  |TAMS 0x0000000601000000| PB 0x0000000601000000| Untracked 
|   5|0x0000000601400000, 0x0000000601800000, 0x0000000601800000|100%| O|  |TAMS 0x0000000601400000| PB 0x0000000601400000| Untracked 
|   6|0x0000000601800000, 0x0000000601c00000, 0x0000000601c00000|100%| O|  |TAMS 0x0000000601800000| PB 0x0000000601800000| Untracked 
|   7|0x0000000601c00000, 0x0000000602000000, 0x0000000602000000|100%| O|  |TAMS 0x0000000601c00000| PB 0x0000000601c00000| Untracked 
|   8|0x0000000602000000, 0x0000000602400000, 0x0000000602400000|100%| O|  |TAMS 0x0000000602000000| PB 0x0000000602000000| Untracked 
|   9|0x0000000602400000, 0x0000000602800000, 0x0000000602800000|100%|HS|  |TAMS 0x0000000602400000| PB 0x0000000602400000| Complete 
|  10|0x0000000602800000, 0x0000000602800000, 0x0000000602c00000|  0%| F|  |TAMS 0x0000000602800000| PB 0x0000000602800000| Untracked 
|  11|0x0000000602c00000, 0x0000000603000000, 0x0000000603000000|100%| O|  |TAMS 0x0000000602c00000| PB 0x0000000602c00000| Untracked 
|  12|0x0000000603000000, 0x00000006031ebcd0, 0x0000000603400000| 48%| O|  |TAMS 0x0000000603000000| PB 0x0000000603000000| Untracked 
|  13|0x0000000603400000, 0x0000000603800000, 0x0000000603800000|100%|HS|  |TAMS 0x0000000603400000| PB 0x0000000603400000| Complete 
|  14|0x0000000603800000, 0x0000000603800000, 0x0000000603c00000|  0%| F|  |TAMS 0x0000000603800000| PB 0x0000000603800000| Untracked 
|  15|0x0000000603c00000, 0x0000000603c00000, 0x0000000604000000|  0%| F|  |TAMS 0x0000000603c00000| PB 0x0000000603c00000| Untracked 
|  16|0x0000000604000000, 0x0000000604000000, 0x0000000604400000|  0%| F|  |TAMS 0x0000000604000000| PB 0x0000000604000000| Untracked 
|  17|0x0000000604400000, 0x0000000604400000, 0x0000000604800000|  0%| F|  |TAMS 0x0000000604400000| PB 0x0000000604400000| Untracked 
|  18|0x0000000604800000, 0x0000000604b43120, 0x0000000604c00000| 81%| S|CS|TAMS 0x0000000604800000| PB 0x0000000604800000| Complete 
|  19|0x0000000604c00000, 0x0000000605000000, 0x0000000605000000|100%| S|CS|TAMS 0x0000000604c00000| PB 0x0000000604c00000| Complete 
|  20|0x0000000605000000, 0x0000000605400000, 0x0000000605400000|100%| S|CS|TAMS 0x0000000605000000| PB 0x0000000605000000| Complete 
|  21|0x0000000605400000, 0x0000000605400000, 0x0000000605800000|  0%| F|  |TAMS 0x0000000605400000| PB 0x0000000605400000| Untracked 
|  22|0x0000000605800000, 0x0000000605800000, 0x0000000605c00000|  0%| F|  |TAMS 0x0000000605800000| PB 0x0000000605800000| Untracked 
|  23|0x0000000605c00000, 0x0000000605c00000, 0x0000000606000000|  0%| F|  |TAMS 0x0000000605c00000| PB 0x0000000605c00000| Untracked 
|  24|0x0000000606000000, 0x0000000606000000, 0x0000000606400000|  0%| F|  |TAMS 0x0000000606000000| PB 0x0000000606000000| Untracked 
|  25|0x0000000606400000, 0x0000000606400000, 0x0000000606800000|  0%| F|  |TAMS 0x0000000606400000| PB 0x0000000606400000| Untracked 
|  26|0x0000000606800000, 0x0000000606a10270, 0x0000000606c00000| 51%| E|  |TAMS 0x0000000606800000| PB 0x0000000606800000| Complete 
|  27|0x0000000606c00000, 0x0000000607000000, 0x0000000607000000|100%| E|CS|TAMS 0x0000000606c00000| PB 0x0000000606c00000| Complete 
|  28|0x0000000607000000, 0x0000000607400000, 0x0000000607400000|100%| E|CS|TAMS 0x0000000607000000| PB 0x0000000607000000| Complete 
|  29|0x0000000607400000, 0x0000000607800000, 0x0000000607800000|100%| E|CS|TAMS 0x0000000607400000| PB 0x0000000607400000| Complete 
|  30|0x0000000607800000, 0x0000000607c00000, 0x0000000607c00000|100%| E|CS|TAMS 0x0000000607800000| PB 0x0000000607800000| Complete 
|  31|0x0000000607c00000, 0x0000000608000000, 0x0000000608000000|100%| E|CS|TAMS 0x0000000607c00000| PB 0x0000000607c00000| Complete 
|  38|0x0000000609800000, 0x0000000609c00000, 0x0000000609c00000|100%| E|CS|TAMS 0x0000000609800000| PB 0x0000000609800000| Complete 
|  39|0x0000000609c00000, 0x000000060a000000, 0x000000060a000000|100%| E|CS|TAMS 0x0000000609c00000| PB 0x0000000609c00000| Complete 
|  40|0x000000060a000000, 0x000000060a400000, 0x000000060a400000|100%| E|CS|TAMS 0x000000060a000000| PB 0x000000060a000000| Complete 
|  41|0x000000060a400000, 0x000000060a800000, 0x000000060a800000|100%| E|CS|TAMS 0x000000060a400000| PB 0x000000060a400000| Complete 
|  62|0x000000060f800000, 0x000000060fc00000, 0x000000060fc00000|100%| E|CS|TAMS 0x000000060f800000| PB 0x000000060f800000| Complete 
|2046|0x00000007ff800000, 0x00000007ffc00000, 0x00000007ffc00000|100%| O|  |TAMS 0x00000007ff800000| PB 0x00000007ff800000| Untracked 
|2047|0x00000007ffc00000, 0x0000000800000000, 0x0000000800000000|100%| O|  |TAMS 0x00000007ffc00000| PB 0x00000007ffc00000| Untracked 

Card table byte_map: [0x000002072f1a0000,0x00000207301a0000] _byte_map_base: 0x000002072c1a0000

Marking Bits: (CMBitMap*) 0x00000207381e1730
 Bits: [0x00000207301a0000, 0x00000207381a0000)

Polling page: 0x00000207032b0000

Metaspace:

Usage:
  Non-class:     62.03 MB used.
      Class:     10.50 MB used.
       Both:     72.53 MB used.

Virtual space:
  Non-class space:       64.00 MB reserved,      63.06 MB ( 99%) committed,  1 nodes.
      Class space:        1.00 GB reserved,      11.56 MB (  1%) committed,  1 nodes.
             Both:        1.06 GB reserved,      74.62 MB (  7%) committed. 

Chunk freelists:
   Non-Class:  866.00 KB
       Class:  4.33 MB
        Both:  5.17 MB

MaxMetaspaceSize: 4.00 GB
CompressedClassSpaceSize: 1.00 GB
Initial GC threshold: 21.00 MB
Current GC threshold: 109.19 MB
CDS: on
 - commit_granule_bytes: 65536.
 - commit_granule_words: 8192.
 - virtual_space_node_default_size: 8388608.
 - enlarge_chunks_in_place: 1.
 - use_allocation_guard: 0.


Internal statistics:

num_allocs_failed_limit: 15.
num_arena_births: 3906.
num_arena_deaths: 0.
num_vsnodes_births: 2.
num_vsnodes_deaths: 0.
num_space_committed: 1194.
num_space_uncommitted: 0.
num_chunks_returned_to_freelist: 15.
num_chunks_taken_from_freelist: 7544.
num_chunk_merges: 15.
num_chunk_splits: 4840.
num_chunks_enlarged: 2916.
num_inconsistent_stats: 0.

CodeHeap 'non-profiled nmethods': size=259264Kb used=4858Kb max_used=4858Kb free=254406Kb
 bounds [0x000002071d5c0000, 0x000002071da80000, 0x000002072d2f0000]
CodeHeap 'profiled nmethods': size=259264Kb used=14777Kb max_used=14777Kb free=244486Kb
 bounds [0x000002070d2f0000, 0x000002070e160000, 0x000002071d020000]
CodeHeap 'non-nmethods': size=5760Kb used=2823Kb max_used=2891Kb free=2936Kb
 bounds [0x000002071d020000, 0x000002071d300000, 0x000002071d5c0000]
 total_blobs=8865 nmethods=7932 adapters=837
 compilation: enabled
              stopped_count=0, restarted_count=0
 full_count=0

Compilation events (20 events):
Event: 24.080 Thread 0x00000207383966c0 nmethod 9129 0x000002070e150c90 code [0x000002070e150e40, 0x000002070e151000]
Event: 24.081 Thread 0x00000207008c0a90 nmethod 9059 0x000002071da74010 code [0x000002071da741a0, 0x000002071da74240]
Event: 24.086 Thread 0x00000207383966c0 9131       3       org.gradle.api.internal.tasks.CachingTaskDependencyResolveContext$TaskGraphImpl::getNodeValues (172 bytes)
Event: 24.087 Thread 0x00000207008c0a90 9132   !   4       java.io.WinNTFileSystem::getBooleanAttributes (27 bytes)
Event: 24.091 Thread 0x00000207383966c0 nmethod 9131 0x000002070e151090 code [0x000002070e1514c0, 0x000002070e1535f8]
Event: 24.092 Thread 0x00000207383966c0 9130       3       org.gradle.internal.graph.CachingDirectedGraphWalker$GraphWithEmptyEdges::getNodeValues (13 bytes)
Event: 24.093 Thread 0x00000207383966c0 nmethod 9130 0x000002070e153f90 code [0x000002070e154140, 0x000002070e154320]
Event: 24.093 Thread 0x00000207008c0a90 nmethod 9132 0x000002071da74310 code [0x000002071da744c0, 0x000002071da74610]
Event: 24.096 Thread 0x00000207383966c0 9133       3       org.gradle.api.internal.file.CompositeFileCollection$$Lambda/0x000002073c832810::accept (12 bytes)
Event: 24.096 Thread 0x00000207383966c0 nmethod 9133 0x000002070e154410 code [0x000002070e154600, 0x000002070e154b90]
Event: 24.097 Thread 0x00000207383966c0 9135       3       java.lang.Iterable::forEach (39 bytes)
Event: 24.097 Thread 0x00000207383966c0 nmethod 9135 0x000002070e154d10 code [0x000002070e154f20, 0x000002070e155558]
Event: 24.098 Thread 0x00000207383966c0 9134       3       org.gradle.api.internal.file.CompositeFileCollection::lambda$visitContents$0 (8 bytes)
Event: 24.098 Thread 0x00000207383966c0 nmethod 9134 0x000002070e155790 code [0x000002070e155960, 0x000002070e155d50]
Event: 24.099 Thread 0x00000207383966c0 9136       1       org.gradle.api.internal.file.collections.ListBackedFileSet::getFiles (5 bytes)
Event: 24.099 Thread 0x00000207383966c0 nmethod 9136 0x000002071da74790 code [0x000002071da74920, 0x000002071da749f0]
Event: 24.101 Thread 0x00000207383966c0 9137       3       org.gradle.internal.snapshot.AbstractListChildMap::withNewChild (36 bytes)
Event: 24.102 Thread 0x00000207383966c0 nmethod 9137 0x000002070e155e90 code [0x000002070e156080, 0x000002070e1564b8]
Event: 24.123 Thread 0x00000207008c0a90 9138       4       java.lang.invoke.MemberName::changeReferenceKind (46 bytes)
Event: 24.125 Thread 0x00000207008c0a90 nmethod 9138 0x000002071da74a90 code [0x000002071da74c20, 0x000002071da74cb8]

GC Heap History (20 events):
Event: 11.460 GC heap before
{Heap before GC invocations=7 (full 0):
 garbage-first heap   total 131072K, used 33537K [0x0000000600000000, 0x0000000800000000)
  region size 4096K, 3 young (12288K), 1 survivors (4096K)
 Metaspace       used 35334K, committed 36416K, reserved 1114112K
  class space    used 4981K, committed 5504K, reserved 1048576K
}
Event: 11.464 GC heap after
{Heap after GC invocations=8 (full 0):
 garbage-first heap   total 131072K, used 33469K [0x0000000600000000, 0x0000000800000000)
  region size 4096K, 1 young (4096K), 1 survivors (4096K)
 Metaspace       used 35334K, committed 36416K, reserved 1114112K
  class space    used 4981K, committed 5504K, reserved 1048576K
}
Event: 13.387 GC heap before
{Heap before GC invocations=9 (full 0):
 garbage-first heap   total 131072K, used 107197K [0x0000000600000000, 0x0000000800000000)
  region size 4096K, 19 young (77824K), 1 survivors (4096K)
 Metaspace       used 41781K, committed 43264K, reserved 1114112K
  class space    used 5831K, committed 6528K, reserved 1048576K
}
Event: 13.393 GC heap after
{Heap after GC invocations=10 (full 0):
 garbage-first heap   total 131072K, used 36267K [0x0000000600000000, 0x0000000800000000)
  region size 4096K, 2 young (8192K), 2 survivors (8192K)
 Metaspace       used 41781K, committed 43264K, reserved 1114112K
  class space    used 5831K, committed 6528K, reserved 1048576K
}
Event: 14.820 GC heap before
{Heap before GC invocations=10 (full 0):
 garbage-first heap   total 131072K, used 105899K [0x0000000600000000, 0x0000000800000000)
  region size 4096K, 19 young (77824K), 2 survivors (8192K)
 Metaspace       used 47029K, committed 48768K, reserved 1114112K
  class space    used 6712K, committed 7616K, reserved 1048576K
}
Event: 14.827 GC heap after
{Heap after GC invocations=11 (full 0):
 garbage-first heap   total 131072K, used 40206K [0x0000000600000000, 0x0000000800000000)
  region size 4096K, 3 young (12288K), 3 survivors (12288K)
 Metaspace       used 47029K, committed 48768K, reserved 1114112K
  class space    used 6712K, committed 7616K, reserved 1048576K
}
Event: 16.247 GC heap before
{Heap before GC invocations=11 (full 0):
 garbage-first heap   total 131072K, used 101646K [0x0000000600000000, 0x0000000800000000)
  region size 4096K, 18 young (73728K), 3 survivors (12288K)
 Metaspace       used 51739K, committed 53568K, reserved 1114112K
  class space    used 7494K, committed 8384K, reserved 1048576K
}
Event: 16.262 GC heap after
{Heap after GC invocations=12 (full 0):
 garbage-first heap   total 131072K, used 45735K [0x0000000600000000, 0x0000000800000000)
  region size 4096K, 3 young (12288K), 3 survivors (12288K)
 Metaspace       used 51739K, committed 53568K, reserved 1114112K
  class space    used 7494K, committed 8384K, reserved 1048576K
}
Event: 17.890 GC heap before
{Heap before GC invocations=12 (full 0):
 garbage-first heap   total 131072K, used 103079K [0x0000000600000000, 0x0000000800000000)
  region size 4096K, 17 young (69632K), 3 survivors (12288K)
 Metaspace       used 55527K, committed 57472K, reserved 1114112K
  class space    used 8077K, committed 9024K, reserved 1048576K
}
Event: 17.904 GC heap after
{Heap after GC invocations=13 (full 0):
 garbage-first heap   total 131072K, used 49100K [0x0000000600000000, 0x0000000800000000)
  region size 4096K, 2 young (8192K), 2 survivors (8192K)
 Metaspace       used 55527K, committed 57472K, reserved 1114112K
  class space    used 8077K, committed 9024K, reserved 1048576K
}
Event: 18.494 GC heap before
{Heap before GC invocations=13 (full 0):
 garbage-first heap   total 131072K, used 90060K [0x0000000600000000, 0x0000000800000000)
  region size 4096K, 13 young (53248K), 2 survivors (8192K)
 Metaspace       used 59645K, committed 61568K, reserved 1114112K
  class space    used 8626K, committed 9600K, reserved 1048576K
}
Event: 18.500 GC heap after
{Heap after GC invocations=14 (full 0):
 garbage-first heap   total 131072K, used 59332K [0x0000000600000000, 0x0000000800000000)
  region size 4096K, 2 young (8192K), 2 survivors (8192K)
 Metaspace       used 59645K, committed 61568K, reserved 1114112K
  class space    used 8626K, committed 9600K, reserved 1048576K
}
Event: 19.540 GC heap before
{Heap before GC invocations=15 (full 0):
 garbage-first heap   total 131072K, used 108484K [0x0000000600000000, 0x0000000800000000)
  region size 4096K, 14 young (57344K), 2 survivors (8192K)
 Metaspace       used 64277K, committed 66304K, reserved 1114112K
  class space    used 9227K, committed 10240K, reserved 1048576K
}
Event: 19.546 GC heap after
{Heap after GC invocations=16 (full 0):
 garbage-first heap   total 131072K, used 60647K [0x0000000600000000, 0x0000000800000000)
  region size 4096K, 1 young (4096K), 1 survivors (4096K)
 Metaspace       used 64277K, committed 66304K, reserved 1114112K
  class space    used 9227K, committed 10240K, reserved 1048576K
}
Event: 19.686 GC heap before
{Heap before GC invocations=16 (full 0):
 garbage-first heap   total 131072K, used 68839K [0x0000000600000000, 0x0000000800000000)
  region size 4096K, 4 young (16384K), 1 survivors (4096K)
 Metaspace       used 64891K, committed 66944K, reserved 1114112K
  class space    used 9319K, committed 10368K, reserved 1048576K
}
Event: 19.691 GC heap after
{Heap after GC invocations=17 (full 0):
 garbage-first heap   total 131072K, used 60944K [0x0000000600000000, 0x0000000800000000)
  region size 4096K, 1 young (4096K), 1 survivors (4096K)
 Metaspace       used 64891K, committed 66944K, reserved 1114112K
  class space    used 9319K, committed 10368K, reserved 1048576K
}
Event: 21.416 GC heap before
{Heap before GC invocations=18 (full 0):
 garbage-first heap   total 131072K, used 114192K [0x0000000600000000, 0x0000000800000000)
  region size 4096K, 13 young (53248K), 1 survivors (4096K)
 Metaspace       used 67951K, committed 69952K, reserved 1114112K
  class space    used 9764K, committed 10752K, reserved 1048576K
}
Event: 21.423 GC heap after
{Heap after GC invocations=19 (full 0):
 garbage-first heap   total 159744K, used 67608K [0x0000000600000000, 0x0000000800000000)
  region size 4096K, 2 young (8192K), 2 survivors (8192K)
 Metaspace       used 67951K, committed 69952K, reserved 1114112K
  class space    used 9764K, committed 10752K, reserved 1048576K
}
Event: 22.532 GC heap before
{Heap before GC invocations=19 (full 0):
 garbage-first heap   total 159744K, used 133144K [0x0000000600000000, 0x0000000800000000)
  region size 4096K, 18 young (73728K), 2 survivors (8192K)
 Metaspace       used 71819K, committed 73920K, reserved 1114112K
  class space    used 10322K, committed 11328K, reserved 1048576K
}
Event: 22.542 GC heap after
{Heap after GC invocations=20 (full 0):
 garbage-first heap   total 159744K, used 70843K [0x0000000600000000, 0x0000000800000000)
  region size 4096K, 3 young (12288K), 3 survivors (12288K)
 Metaspace       used 71819K, committed 73920K, reserved 1114112K
  class space    used 10322K, committed 11328K, reserved 1048576K
}

Dll operation events (15 events):
Event: 0.059 Loaded shared library C:\Program Files\Eclipse Adoptium\jdk-21.0.3.9-hotspot\bin\java.dll
Event: 0.163 Loaded shared library C:\Program Files\Eclipse Adoptium\jdk-21.0.3.9-hotspot\bin\jsvml.dll
Event: 0.302 Loaded shared library C:\Program Files\Eclipse Adoptium\jdk-21.0.3.9-hotspot\bin\zip.dll
Event: 0.312 Loaded shared library C:\Program Files\Eclipse Adoptium\jdk-21.0.3.9-hotspot\bin\instrument.dll
Event: 0.326 Loaded shared library C:\Program Files\Eclipse Adoptium\jdk-21.0.3.9-hotspot\bin\net.dll
Event: 0.334 Loaded shared library C:\Program Files\Eclipse Adoptium\jdk-21.0.3.9-hotspot\bin\nio.dll
Event: 0.344 Loaded shared library C:\Program Files\Eclipse Adoptium\jdk-21.0.3.9-hotspot\bin\zip.dll
Event: 0.951 Loaded shared library C:\Program Files\Eclipse Adoptium\jdk-21.0.3.9-hotspot\bin\jimage.dll
Event: 1.302 Loaded shared library C:\Program Files\Eclipse Adoptium\jdk-21.0.3.9-hotspot\bin\verify.dll
Event: 1.582 Loaded shared library C:\gradle-home\native\1def1411415f61bf3af743bc5b6707747c0891f09f0c88961ee8f79bc544acac\windows-amd64\native-platform.dll
Event: 1.616 Loaded shared library C:\gradle-home\native\0.2.7\x86_64-windows-gnu\gradle-fileevents.dll
Event: 3.843 Loaded shared library C:\Program Files\Eclipse Adoptium\jdk-21.0.3.9-hotspot\bin\management.dll
Event: 3.850 Loaded shared library C:\Program Files\Eclipse Adoptium\jdk-21.0.3.9-hotspot\bin\management_ext.dll
Event: 4.267 Loaded shared library C:\Program Files\Eclipse Adoptium\jdk-21.0.3.9-hotspot\bin\extnet.dll
Event: 4.863 Loaded shared library C:\Program Files\Eclipse Adoptium\jdk-21.0.3.9-hotspot\bin\sunmscapi.dll

Deoptimization events (20 events):
Event: 23.774 Thread 0x000002078034cf80 DEOPT PACKING pc=0x000002071d9fcd8c sp=0x000000995c5f88a0
Event: 23.774 Thread 0x000002078034cf80 DEOPT UNPACKING pc=0x000002071d0746a2 sp=0x000000995c5f8840 mode 2
Event: 23.801 Thread 0x000002078034cf80 Uncommon trap: trap_request=0xffffffd6 fr.pc=0x000002071d9fcd8c relative=0x00000000000003cc
Event: 23.801 Thread 0x000002078034cf80 Uncommon trap: reason=array_check action=maybe_recompile pc=0x000002071d9fcd8c method=java.util.LinkedHashMap.keysToArray([Ljava/lang/Object;Z)[Ljava/lang/Object; @ 67 c2
Event: 23.801 Thread 0x000002078034cf80 DEOPT PACKING pc=0x000002071d9fcd8c sp=0x000000995c5f88a0
Event: 23.801 Thread 0x000002078034cf80 DEOPT UNPACKING pc=0x000002071d0746a2 sp=0x000000995c5f8840 mode 2
Event: 23.834 Thread 0x000002078034cf80 Uncommon trap: trap_request=0xffffff45 fr.pc=0x000002071da47644 relative=0x0000000000000be4
Event: 23.834 Thread 0x000002078034cf80 Uncommon trap: reason=unstable_if action=reinterpret pc=0x000002071da47644 method=com.esotericsoftware.kryo.io.Input.readString()Ljava/lang/String; @ 28 c2
Event: 23.834 Thread 0x000002078034cf80 DEOPT PACKING pc=0x000002071da47644 sp=0x000000995c5f9a90
Event: 23.834 Thread 0x000002078034cf80 DEOPT UNPACKING pc=0x000002071d0746a2 sp=0x000000995c5f9a68 mode 2
Event: 23.971 Thread 0x0000020782f5d790 DEOPT PACKING pc=0x000002070d5d3b93 sp=0x000000995f1fc0c0
Event: 23.971 Thread 0x0000020782f5d790 DEOPT UNPACKING pc=0x000002071d074e42 sp=0x000000995f1fb548 mode 3
Event: 24.135 Thread 0x000002078034cf80 Uncommon trap: trap_request=0xffffffc6 fr.pc=0x000002071d90db54 relative=0x0000000000000134
Event: 24.135 Thread 0x000002078034cf80 Uncommon trap: reason=bimorphic_or_optimized_type_check action=maybe_recompile pc=0x000002071d90db54 method=com.google.common.collect.RegularImmutableMap.checkNoConflictInKeyBucket(Ljava/lang/Object;Ljava/lang/Object;Lcom/google/common/collect/ImmutableMa
Event: 24.135 Thread 0x000002078034cf80 DEOPT PACKING pc=0x000002071d90db54 sp=0x000000995c5fd1b0
Event: 24.135 Thread 0x000002078034cf80 DEOPT UNPACKING pc=0x000002071d0746a2 sp=0x000000995c5fd158 mode 2
Event: 24.195 Thread 0x000002078034cf80 Uncommon trap: trap_request=0xffffffd6 fr.pc=0x000002071d9fcd8c relative=0x00000000000003cc
Event: 24.195 Thread 0x000002078034cf80 Uncommon trap: reason=array_check action=maybe_recompile pc=0x000002071d9fcd8c method=java.util.LinkedHashMap.keysToArray([Ljava/lang/Object;Z)[Ljava/lang/Object; @ 67 c2
Event: 24.195 Thread 0x000002078034cf80 DEOPT PACKING pc=0x000002071d9fcd8c sp=0x000000995c5fa5d0
Event: 24.195 Thread 0x000002078034cf80 DEOPT UNPACKING pc=0x000002071d0746a2 sp=0x000000995c5fa570 mode 2

Classes loaded (20 events):
Event: 22.313 Loading class java/util/Comparators$NaturalOrderComparator
Event: 22.313 Loading class java/util/Comparators$NaturalOrderComparator done
Event: 22.613 Loading class java/util/ArrayList$SubList$2
Event: 22.613 Loading class java/util/ArrayList$SubList$2 done
Event: 23.029 Loading class java/util/TreeMap$KeySpliterator
Event: 23.029 Loading class java/util/TreeMap$TreeMapSpliterator
Event: 23.029 Loading class java/util/TreeMap$TreeMapSpliterator done
Event: 23.029 Loading class java/util/TreeMap$KeySpliterator done
Event: 23.150 Loading class java/io/ObjectStreamClass$ExceptionInfo
Event: 23.150 Loading class java/io/ObjectStreamClass$ExceptionInfo done
Event: 23.165 Loading class java/util/HashMap$UnsafeHolder
Event: 23.166 Loading class java/util/HashMap$UnsafeHolder done
Event: 23.275 Loading class java/util/stream/ReferencePipeline$4
Event: 23.275 Loading class java/util/stream/ReferencePipeline$4 done
Event: 23.277 Loading class java/util/stream/ReduceOps$6
Event: 23.277 Loading class java/util/stream/ReduceOps$6 done
Event: 23.277 Loading class java/util/stream/ReduceOps$5ReducingSink
Event: 23.277 Loading class java/util/stream/ReduceOps$5ReducingSink done
Event: 23.277 Loading class java/util/stream/ReferencePipeline$4$1
Event: 23.277 Loading class java/util/stream/ReferencePipeline$4$1 done

Classes unloaded (0 events):
No events

Classes redefined (0 events):
No events

Internal exceptions (20 events):
Event: 22.286 Thread 0x000002070230ae90 Exception <a 'java/lang/NoSuchMethodError'{0x000000060637f888}: 'java.lang.Object java.lang.invoke.DirectMethodHandle$Holder.invokeStatic(java.lang.Object, java.lang.Object, java.lang.Object, java.lang.Object, int)'> (0x000000060637f888) 
thrown [s\src\hotspot\share\interpreter\linkResolver.cpp, line 773]
Event: 22.469 Thread 0x000002070230ae90 Exception <a 'java/lang/NoSuchMethodError'{0x000000060555fc20}: 'void java.lang.invoke.DirectMethodHandle$Holder.invokeStaticInit(java.lang.Object)'> (0x000000060555fc20) 
thrown [s\src\hotspot\share\interpreter\linkResolver.cpp, line 773]
Event: 22.557 Thread 0x000002070230ae90 Implicit null exception at 0x000002071d81c7fc to 0x000002071d81c82c
Event: 22.584 Thread 0x000002070230ae90 Exception <a 'java/lang/NoSuchMethodError'{0x000000060f909d10}: 'java.lang.Object java.lang.invoke.DirectMethodHandle$Holder.newInvokeSpecial(java.lang.Object, java.lang.Object, java.lang.Object, java.lang.Object, java.lang.Object, java.lang.Object, int)'> (0x000000060f909d10) 
thrown [s\src\hotspot\share\interpreter\linkResolver.cpp, line 773]
Event: 22.585 Thread 0x000002070230ae90 Exception <a 'java/lang/NoSuchMethodError'{0x000000060f90f440}: 'java.lang.Object java.lang.invoke.DirectMethodHandle$Holder.invokeSpecial(java.lang.Object, java.lang.Object, java.lang.Object, java.lang.Object, java.lang.Object, java.lang.Object, java.lang.Object, int)'> (0x000000060f90f440) 
thrown [s\src\hotspot\share\interpreter\linkResolver.cpp, line 773]
Event: 22.586 Thread 0x000002070230ae90 Exception <a 'java/lang/NoSuchMethodError'{0x000000060f91aa90}: 'java.lang.Object java.lang.invoke.Invokers$Holder.linkToTargetMethod(java.lang.Object, java.lang.Object, java.lang.Object, java.lang.Object, java.lang.Object, int, java.lang.Object)'> (0x000000060f91aa90) 
thrown [s\src\hotspot\share\interpreter\linkResolver.cpp, line 773]
Event: 22.866 Thread 0x000002078034dca0 Exception <a 'java/lang/NoSuchMethodError'{0x000000060a77a398}: 'java.lang.Object java.lang.invoke.DirectMethodHandle$Holder.newInvokeSpecial(java.lang.Object, java.lang.Object, int, java.lang.Object, java.lang.Object)'> (0x000000060a77a398) 
thrown [s\src\hotspot\share\interpreter\linkResolver.cpp, line 773]
Event: 23.004 Thread 0x000002078034cf80 Exception <a 'java/lang/NoSuchMethodError'{0x000000060a314700}: 'java.lang.Object java.lang.invoke.DirectMethodHandle$Holder.invokeVirtual(java.lang.Object, java.lang.Object, java.lang.Object, java.lang.Object, java.lang.Object, java.lang.Object, java.lang.Object, java.lang.Object, java.lang.Object, java.lang.Object, java.lang.Object, java.lang.Object, java.lang.Object, java.lang.Object, java.lang.Object, java.lang.Object, java.lang.Object, java.lang.Object, java.lang.Object)'> (0x000000060a314700) 
thrown
Event: 23.044 Thread 0x00000207022ecc30 Exception <a 'java/lang/NoSuchMethodError'{0x0000000609c02d00}: static Lorg/gradle/internal/build/event/types/DefaultTaskStartedProgressEvent;.<clinit>()V> (0x0000000609c02d00) 
thrown [s\src\hotspot\share\prims\jni.cpp, line 1111]
Event: 23.047 Thread 0x00000207022ecc30 Exception <a 'java/lang/NoSuchMethodError'{0x0000000609c0c750}: static Lorg/gradle/internal/build/event/types/DefaultTaskDescriptor;.<clinit>()V> (0x0000000609c0c750) 
thrown [s\src\hotspot\share\prims\jni.cpp, line 1111]
Event: 23.067 Thread 0x00000207022ecc30 Exception <a 'java/lang/NoSuchMethodError'{0x0000000609c569a8}: static Lorg/gradle/internal/build/event/types/DefaultTaskFinishedProgressEvent;.<clinit>()V> (0x0000000609c569a8) 
thrown [s\src\hotspot\share\prims\jni.cpp, line 1111]
Event: 23.072 Thread 0x00000207022ecc30 Exception <a 'java/lang/NoSuchMethodError'{0x0000000609c728d0}: static Lorg/gradle/internal/build/event/types/DefaultTaskSkippedResult;.<clinit>()V> (0x0000000609c728d0) 
thrown [s\src\hotspot\share\prims\jni.cpp, line 1111]
Event: 23.072 Thread 0x00000207022ecc30 Exception <a 'java/lang/NoSuchMethodError'{0x0000000609c739d0}: static Lorg/gradle/internal/build/event/types/AbstractTaskResult;.<clinit>()V> (0x0000000609c739d0) 
thrown [s\src\hotspot\share\prims\jni.cpp, line 1111]
Event: 23.091 Thread 0x000002078034cf80 Exception <a 'java/lang/NoSuchMethodError'{0x0000000609cc4e68}: 'void java.lang.invoke.DirectMethodHandle$Holder.invokeSpecial(java.lang.Object, java.lang.Object, java.lang.Object, java.lang.Object, int, java.lang.Object, java.lang.Object)'> (0x0000000609cc4e68) 
thrown [s\src\hotspot\share\interpreter\linkResolver.cpp, line 773]
Event: 23.143 Thread 0x000002078034bbd0 Exception <a 'java/lang/NoSuchMethodError'{0x0000000609d9ea68}: static Ljava/lang/Object;.<clinit>()V> (0x0000000609d9ea68) 
thrown [s\src\hotspot\share\prims\jni.cpp, line 1111]
Event: 23.146 Thread 0x000002078034bbd0 Exception <a 'java/lang/NoSuchMethodError'{0x0000000609daea70}: static Lorg/jetbrains/kotlin/gradle/plugin/statistics/MetricContainer;.<clinit>()V> (0x0000000609daea70) 
thrown [s\src\hotspot\share\prims\jni.cpp, line 1111]
Event: 23.322 Thread 0x000002078034cf80 Exception <a 'java/lang/NoSuchMethodError'{0x0000000609801640}: 'int java.lang.invoke.DirectMethodHandle$Holder.invokeSpecial(java.lang.Object, java.lang.Object, java.lang.Object, java.lang.Object, java.lang.Object)'> (0x0000000609801640) 
thrown [s\src\hotspot\share\interpreter\linkResolver.cpp, line 773]
Event: 23.459 Thread 0x000002078034cf80 Exception <a 'java/lang/IncompatibleClassChangeError'{0x0000000609b16160}: Found class java.lang.Object, but interface was expected> (0x0000000609b16160) 
thrown [s\src\hotspot\share\interpreter\linkResolver.cpp, line 840]
Event: 23.871 Thread 0x000002078034cf80 Exception <a 'java/lang/NoSuchMethodError'{0x0000000607bc2e98}: static Ljava/lang/Object;.<clinit>()V> (0x0000000607bc2e98) 
thrown [s\src\hotspot\share\prims\jni.cpp, line 1111]
Event: 24.194 Thread 0x000002078034cf80 Exception <a 'java/lang/NoSuchMethodError'{0x00000006068449c0}: 'int java.lang.invoke.DirectMethodHandle$Holder.invokeStaticInit(java.lang.Object, java.lang.Object, java.lang.Object, java.lang.Object, java.lang.Object)'> (0x00000006068449c0) 
thrown [s\src\hotspot\share\interpreter\linkResolver.cpp, line 773]

ZGC Phase Switch (0 events):
No events

VM Operations (20 events):
Event: 22.088 Executing VM operation: HandshakeAllThreads (Deoptimize)
Event: 22.088 Executing VM operation: HandshakeAllThreads (Deoptimize) done
Event: 22.298 Executing VM operation: ICBufferFull
Event: 22.298 Executing VM operation: ICBufferFull done
Event: 22.532 Executing VM operation: G1CollectForAllocation (G1 Evacuation Pause)
Event: 22.543 Executing VM operation: G1CollectForAllocation (G1 Evacuation Pause) done
Event: 23.039 Executing VM operation: HandshakeAllThreads (Deoptimize)
Event: 23.040 Executing VM operation: HandshakeAllThreads (Deoptimize) done
Event: 23.063 Executing VM operation: HandshakeAllThreads (Deoptimize)
Event: 23.063 Executing VM operation: HandshakeAllThreads (Deoptimize) done
Event: 23.122 Executing VM operation: HandshakeAllThreads (Deoptimize)
Event: 23.123 Executing VM operation: HandshakeAllThreads (Deoptimize) done
Event: 23.294 Executing VM operation: HandshakeAllThreads (Deoptimize)
Event: 23.294 Executing VM operation: HandshakeAllThreads (Deoptimize) done
Event: 23.326 Executing VM operation: HandshakeAllThreads (Deoptimize)
Event: 23.326 Executing VM operation: HandshakeAllThreads (Deoptimize) done
Event: 23.342 Executing VM operation: ICBufferFull
Event: 23.342 Executing VM operation: ICBufferFull done
Event: 23.909 Executing VM operation: ICBufferFull
Event: 23.910 Executing VM operation: ICBufferFull done

Events (20 events):
Event: 23.848 Thread 0x0000020783069700 Thread added: 0x0000020783069700
Event: 23.848 Thread 0x000002078306cb80 Thread added: 0x000002078306cb80
Event: 23.849 Thread 0x000002078306a420 Thread added: 0x000002078306a420
Event: 23.849 Thread 0x000002078306c4f0 Thread added: 0x000002078306c4f0
Event: 23.850 Thread 0x000002078306b140 Thread added: 0x000002078306b140
Event: 23.850 Thread 0x000002078306be60 Thread added: 0x000002078306be60
Event: 23.853 Thread 0x000002078306b7d0 Thread added: 0x000002078306b7d0
Event: 23.915 Thread 0x0000020782f595f0 Thread added: 0x0000020782f595f0
Event: 23.917 Thread 0x0000020782f58f60 Thread added: 0x0000020782f58f60
Event: 23.918 Thread 0x0000020782f59c80 Thread added: 0x0000020782f59c80
Event: 23.920 Thread 0x0000020782f57520 Thread added: 0x0000020782f57520
Event: 23.925 Thread 0x0000020782f56800 Thread added: 0x0000020782f56800
Event: 23.927 Thread 0x0000020782f57bb0 Thread added: 0x0000020782f57bb0
Event: 23.929 Thread 0x0000020782f58240 Thread added: 0x0000020782f58240
Event: 23.930 Thread 0x0000020782f588d0 Thread added: 0x0000020782f588d0
Event: 23.931 Thread 0x0000020782f5a310 Thread added: 0x0000020782f5a310
Event: 23.932 Thread 0x0000020782f56e90 Thread added: 0x0000020782f56e90
Event: 23.933 Thread 0x0000020782f5d790 Thread added: 0x0000020782f5d790
Event: 24.070 Thread 0x0000020782f5de20 Thread added: 0x0000020782f5de20
Event: 24.070 Thread 0x0000020782f5b6c0 Thread added: 0x0000020782f5b6c0


Dynamic libraries:
0x00007ff6e4b60000 - 0x00007ff6e4b6e000 	C:\Program Files\Eclipse Adoptium\jdk-21.0.3.9-hotspot\bin\java.exe
0x00007ffb1da60000 - 0x00007ffb1dcc7000 	C:\WINDOWS\SYSTEM32\ntdll.dll
0x00007ffb1c6e0000 - 0x00007ffb1c7a9000 	C:\WINDOWS\System32\KERNEL32.DLL
0x00007ffb1b340000 - 0x00007ffb1b734000 	C:\WINDOWS\System32\KERNELBASE.dll
0x00007ffb14e80000 - 0x00007ffb14f1f000 	C:\WINDOWS\SYSTEM32\apphelp.dll
0x00007ffb1a330000 - 0x00007ffb1a47b000 	C:\WINDOWS\System32\ucrtbase.dll
0x00007ffadcc50000 - 0x00007ffadcc6b000 	C:\Program Files\Eclipse Adoptium\jdk-21.0.3.9-hotspot\bin\VCRUNTIME140.dll
0x00007ffade060000 - 0x00007ffade078000 	C:\Program Files\Eclipse Adoptium\jdk-21.0.3.9-hotspot\bin\jli.dll
0x00007ffb1bda0000 - 0x00007ffb1bf65000 	C:\WINDOWS\System32\USER32.dll
0x00007ffb1af20000 - 0x00007ffb1af47000 	C:\WINDOWS\System32\win32u.dll
0x00007ffb1c5f0000 - 0x00007ffb1c61b000 	C:\WINDOWS\System32\GDI32.dll
0x00007ffb1af50000 - 0x00007ffb1b07a000 	C:\WINDOWS\System32\gdi32full.dll
0x00007ffb1b740000 - 0x00007ffb1b7e3000 	C:\WINDOWS\System32\msvcp_win.dll
0x00007ffaf42c0000 - 0x00007ffaf4553000 	C:\WINDOWS\WinSxS\amd64_microsoft.windows.common-controls_6595b64144ccf1df_6.0.26100.8115_none_3e075c82e3354f9c\COMCTL32.dll
0x00007ffb1b960000 - 0x00007ffb1ba09000 	C:\WINDOWS\System32\msvcrt.dll
0x00007ffb1d710000 - 0x00007ffb1d742000 	C:\WINDOWS\System32\IMM32.DLL
0x00007ffaf2960000 - 0x00007ffaf296c000 	C:\Program Files\Eclipse Adoptium\jdk-21.0.3.9-hotspot\bin\vcruntime140_1.dll
0x00007ffadbd50000 - 0x00007ffadbdde000 	C:\Program Files\Eclipse Adoptium\jdk-21.0.3.9-hotspot\bin\msvcp140.dll
0x00007ffad9760000 - 0x00007ffada4e2000 	C:\Program Files\Eclipse Adoptium\jdk-21.0.3.9-hotspot\bin\server\jvm.dll
0x00007ffb1c620000 - 0x00007ffb1c6d6000 	C:\WINDOWS\System32\ADVAPI32.dll
0x00007ffb1b8b0000 - 0x00007ffb1b957000 	C:\WINDOWS\System32\sechost.dll
0x00007ffb1d750000 - 0x00007ffb1d868000 	C:\WINDOWS\System32\RPCRT4.dll
0x00007ffb1c7b0000 - 0x00007ffb1c830000 	C:\WINDOWS\System32\WS2_32.dll
0x00007ffb1a190000 - 0x00007ffb1a1ee000 	C:\WINDOWS\SYSTEM32\POWRPROF.dll
0x00007ffb129e0000 - 0x00007ffb12a16000 	C:\WINDOWS\SYSTEM32\WINMM.dll
0x00007ffaff480000 - 0x00007ffaff48b000 	C:\WINDOWS\SYSTEM32\VERSION.dll
0x00007ffb1a170000 - 0x00007ffb1a184000 	C:\WINDOWS\SYSTEM32\UMPDC.dll
0x00007ffb19080000 - 0x00007ffb1909b000 	C:\WINDOWS\SYSTEM32\kernel.appcore.dll
0x00007ffade3a0000 - 0x00007ffade3aa000 	C:\Program Files\Eclipse Adoptium\jdk-21.0.3.9-hotspot\bin\jimage.dll
0x00007ffb18150000 - 0x00007ffb18392000 	C:\WINDOWS\SYSTEM32\DBGHELP.DLL
0x00007ffb1ba10000 - 0x00007ffb1bd92000 	C:\WINDOWS\System32\combase.dll
0x00007ffb1c840000 - 0x00007ffb1c917000 	C:\WINDOWS\System32\OLEAUT32.dll
0x00007ffb12650000 - 0x00007ffb1268b000 	C:\WINDOWS\SYSTEM32\dbgcore.DLL
0x00007ffb1ae70000 - 0x00007ffb1af15000 	C:\WINDOWS\System32\bcryptPrimitives.dll
0x00007ffafe9e0000 - 0x00007ffafe9ef000 	C:\Program Files\Eclipse Adoptium\jdk-21.0.3.9-hotspot\bin\instrument.dll
0x00007ffadc7c0000 - 0x00007ffadc7df000 	C:\Program Files\Eclipse Adoptium\jdk-21.0.3.9-hotspot\bin\java.dll
0x00007ffb1cc80000 - 0x00007ffb1d3e6000 	C:\WINDOWS\System32\SHELL32.dll
0x00007ffb1b140000 - 0x00007ffb1b2aa000 	C:\WINDOWS\System32\wintypes.dll
0x00007ffb1a600000 - 0x00007ffb1ae65000 	C:\WINDOWS\System32\windows.storage.dll
0x00007ffb1cad0000 - 0x00007ffb1cbc7000 	C:\WINDOWS\System32\SHCORE.dll
0x00007ffb1d9b0000 - 0x00007ffb1da16000 	C:\WINDOWS\System32\shlwapi.dll
0x00007ffb1a250000 - 0x00007ffb1a279000 	C:\WINDOWS\SYSTEM32\profapi.dll
0x00007ffadb950000 - 0x00007ffadba27000 	C:\Program Files\Eclipse Adoptium\jdk-21.0.3.9-hotspot\bin\jsvml.dll
0x00007ffadb640000 - 0x00007ffadb658000 	C:\Program Files\Eclipse Adoptium\jdk-21.0.3.9-hotspot\bin\zip.dll
0x00007ffadb900000 - 0x00007ffadb910000 	C:\Program Files\Eclipse Adoptium\jdk-21.0.3.9-hotspot\bin\net.dll
0x00007ffb10b70000 - 0x00007ffb10c9d000 	C:\WINDOWS\SYSTEM32\WINHTTP.dll
0x00007ffb195d0000 - 0x00007ffb1963c000 	C:\WINDOWS\system32\mswsock.dll
0x00007ffadb8e0000 - 0x00007ffadb8f6000 	C:\Program Files\Eclipse Adoptium\jdk-21.0.3.9-hotspot\bin\nio.dll
0x00007ffadb150000 - 0x00007ffadb160000 	C:\Program Files\Eclipse Adoptium\jdk-21.0.3.9-hotspot\bin\verify.dll
0x00007ffadb6b0000 - 0x00007ffadb6d7000 	C:\gradle-home\native\1def1411415f61bf3af743bc5b6707747c0891f09f0c88961ee8f79bc544acac\windows-amd64\native-platform.dll
0x00007ffad2bc0000 - 0x00007ffad2c38000 	C:\gradle-home\native\0.2.7\x86_64-windows-gnu\gradle-fileevents.dll
0x00007ffad6b80000 - 0x00007ffad6b8a000 	C:\Program Files\Eclipse Adoptium\jdk-21.0.3.9-hotspot\bin\management.dll
0x00007ffad6b70000 - 0x00007ffad6b7b000 	C:\Program Files\Eclipse Adoptium\jdk-21.0.3.9-hotspot\bin\management_ext.dll
0x00007ffb1c150000 - 0x00007ffb1c158000 	C:\WINDOWS\System32\PSAPI.DLL
0x00007ffb18980000 - 0x00007ffb189b2000 	C:\WINDOWS\SYSTEM32\IPHLPAPI.DLL
0x00007ffb1c920000 - 0x00007ffb1c92a000 	C:\WINDOWS\System32\NSI.dll
0x00007ffadaf60000 - 0x00007ffadaf69000 	C:\Program Files\Eclipse Adoptium\jdk-21.0.3.9-hotspot\bin\extnet.dll
0x00007ffb199d0000 - 0x00007ffb199eb000 	C:\WINDOWS\SYSTEM32\CRYPTSP.dll
0x00007ffb18fe0000 - 0x00007ffb19019000 	C:\WINDOWS\system32\rsaenh.dll
0x00007ffb19680000 - 0x00007ffb196b3000 	C:\WINDOWS\SYSTEM32\USERENV.dll
0x00007ffb1a220000 - 0x00007ffb1a24a000 	C:\WINDOWS\SYSTEM32\bcrypt.dll
0x00007ffb19830000 - 0x00007ffb1983c000 	C:\WINDOWS\SYSTEM32\CRYPTBASE.dll
0x00007ffadb2d0000 - 0x00007ffadb2de000 	C:\Program Files\Eclipse Adoptium\jdk-21.0.3.9-hotspot\bin\sunmscapi.dll
0x00007ffb1a480000 - 0x00007ffb1a5f7000 	C:\WINDOWS\System32\CRYPT32.dll
0x00007ffb19b30000 - 0x00007ffb19b60000 	C:\WINDOWS\SYSTEM32\ncrypt.dll
0x00007ffb19ae0000 - 0x00007ffb19b1f000 	C:\WINDOWS\SYSTEM32\NTASN1.dll
0x00007ffad3e70000 - 0x00007ffad3e78000 	C:\WINDOWS\system32\wshunix.dll
0x00007ffadc790000 - 0x00007ffadc7a8000 	C:\WINDOWS\system32\napinsp.dll
0x00007ffb18aa0000 - 0x00007ffb18bd2000 	C:\WINDOWS\SYSTEM32\DNSAPI.dll
0x00007ffada570000 - 0x00007ffada583000 	C:\WINDOWS\System32\winrnr.dll
0x00007ffada540000 - 0x00007ffada562000 	C:\WINDOWS\system32\nlansp_c.dll
0x00007ffada4f0000 - 0x00007ffada506000 	C:\WINDOWS\system32\wshbth.dll
0x00007ffb0ec80000 - 0x00007ffb0ec8b000 	C:\Windows\System32\rasadhlp.dll
0x00007ffb117e0000 - 0x00007ffb11866000 	C:\WINDOWS\System32\fwpuclnt.dll

dbghelp: loaded successfully - version: 4.0.5 - missing functions: none
symbol engine: initialized successfully - sym options: 0x614 - pdb path: .;C:\Program Files\Eclipse Adoptium\jdk-21.0.3.9-hotspot\bin;C:\WINDOWS\SYSTEM32;C:\WINDOWS\WinSxS\amd64_microsoft.windows.common-controls_6595b64144ccf1df_6.0.26100.8115_none_3e075c82e3354f9c;C:\Program Files\Eclipse Adoptium\jdk-21.0.3.9-hotspot\bin\server;C:\gradle-home\native\1def1411415f61bf3af743bc5b6707747c0891f09f0c88961ee8f79bc544acac\windows-amd64;C:\gradle-home\native\0.2.7\x86_64-windows-gnu

VM Arguments:
jvm_args: --add-opens=java.base/java.lang=ALL-UNNAMED --add-opens=java.base/java.lang.invoke=ALL-UNNAMED --add-opens=java.base/java.util=ALL-UNNAMED --add-opens=java.prefs/java.util.prefs=ALL-UNNAMED --add-exports=jdk.compiler/com.sun.tools.javac.api=ALL-UNNAMED --add-exports=jdk.compiler/com.sun.tools.javac.util=ALL-UNNAMED --add-opens=java.base/java.util=ALL-UNNAMED --add-opens=java.prefs/java.util.prefs=ALL-UNNAMED --add-opens=java.base/java.nio.charset=ALL-UNNAMED --add-opens=java.base/java.net=ALL-UNNAMED --add-opens=java.base/java.util.concurrent.atomic=ALL-UNNAMED --add-opens=java.xml/javax.xml.namespace=ALL-UNNAMED -XX:MaxMetaspaceSize=4G -XX:ReservedCodeCacheSize=512m -XX:+HeapDumpOnOutOfMemoryError -Xmx8G -Dfile.encoding=UTF-8 -Duser.country=US -Duser.language=en -Duser.variant -javaagent:C:\gradle-home\wrapper\dists\gradle-8.14-all\c2qonpi39x1mddn7hk5gh9iqj\gradle-8.14\lib\agents\gradle-instrumentation-agent-8.14.jar 
java_command: org.gradle.launcher.daemon.bootstrap.GradleDaemon 8.14
java_class_path (initial): C:\gradle-home\wrapper\dists\gradle-8.14-all\c2qonpi39x1mddn7hk5gh9iqj\gradle-8.14\lib\gradle-daemon-main-8.14.jar
Launcher Type: SUN_STANDARD

[Global flags]
     intx CICompilerCount                          = 4                                         {product} {ergonomic}
     uint ConcGCThreads                            = 3                                         {product} {ergonomic}
     uint G1ConcRefinementThreads                  = 10                                        {product} {ergonomic}
   size_t G1HeapRegionSize                         = 4194304                                   {product} {ergonomic}
    uintx GCDrainStackTargetSize                   = 64                                        {product} {ergonomic}
     bool HeapDumpOnOutOfMemoryError               = true                                   {manageable} {command line}
   size_t InitialHeapSize                          = 264241152                                 {product} {ergonomic}
   size_t MarkStackSize                            = 4194304                                   {product} {ergonomic}
   size_t MaxHeapSize                              = 8589934592                                {product} {command line}
   size_t MaxMetaspaceSize                         = 4294967296                                {product} {command line}
   size_t MaxNewSize                               = 5150605312                                {product} {ergonomic}
   size_t MinHeapDeltaBytes                        = 4194304                                   {product} {ergonomic}
   size_t MinHeapSize                              = 8388608                                   {product} {ergonomic}
    uintx NonNMethodCodeHeapSize                   = 5839372                                {pd product} {ergonomic}
    uintx NonProfiledCodeHeapSize                  = 265515770                              {pd product} {ergonomic}
    uintx ProfiledCodeHeapSize                     = 265515770                              {pd product} {ergonomic}
    uintx ReservedCodeCacheSize                    = 536870912                              {pd product} {command line}
     bool SegmentedCodeCache                       = true                                      {product} {ergonomic}
   size_t SoftMaxHeapSize                          = 8589934592                             {manageable} {ergonomic}
     bool UseCompressedOops                        = true                           {product lp64_product} {ergonomic}
     bool UseG1GC                                  = true                                      {product} {ergonomic}
     bool UseLargePagesIndividualAllocation        = false                                  {pd product} {ergonomic}

Logging:
Log output configuration:
 #0: stdout all=warning uptime,level,tags foldmultilines=false
 #1: stderr all=off uptime,level,tags foldmultilines=false

Environment Variables:
JAVA_HOME=C:\Program Files\Eclipse Adoptium\jdk-21.0.3.9-hotspot
PATH=C:\Users\Nguend Arthur Johann\AppData\Local\Programs\Microsoft VS Code;C:\Program Files\Python313\Scripts\;C:\Program Files\Python313\;C:\Program Files\Python314\Scripts\;C:\Program Files\Python314\;C:\Program Files\Common Files\Oracle\Java\javapath;C:\Program Files (x86)\Common Files\Oracle\Java\java8path;C:\Program Files (x86)\Common Files\Oracle\Java\javapath;C:\Program Files\Eclipse Adoptium\jdk-21.0.3.9-hotspot\bin;C:\WINDOWS\system32;C:\WINDOWS;C:\WINDOWS\System32\Wbem;C:\WINDOWS\System32\WindowsPowerShell\v1.0\;C:\WINDOWS\System32\OpenSSH\;C:\Program Files\dotnet\;C:\Program Files\Microsoft SQL Server\150\Tools\Binn\;C:\Program Files\Microsoft SQL Server\Client SDK\ODBC\170\Tools\Binn\;C:\Program Files\Go\bin;C:\MinGW\bin;C:\Program Files\Git\cmd;c:\Users\Nguend Arthur Johann\AppData\Local\Programs\cursor\resources\app\bin;C:\Program Files (x86)\Windows Kits\10\Windows Performance Toolkit\;C:\Program Files\Microsoft SQL Server\170\Tools\Binn\;C:\Android\Sdk;C:\Program Files\CMake\bin;C:\Program Files\Intel\Intel(R) Memory and Storage Tool\;C:\Program Files\PowerShell\7\;C:\Program Files\Docker\Docker\resources\bin;C:\Program Files\nodejs\;C:\Users\Nguend Arthur Johann\AppData\Local\Programs\Python\Python312\Scripts\;C:\Users\Nguend Arthur Johann\AppData\Local\Programs\Python\Python312\;C:\Program Files\Python313\Scripts\;C:\Program Files\Python313\;C:\Program Files\Python314\Scripts\;C:\Program Files\Python314\;C:\Program Files\Common Files\Oracle\Java\javapath;C:\Program Files\Eclipse Adoptium\jdk-21.0.3.9-hotspot\bin;C:\WINDOWS\system32;C:\WINDOWS;C:\WINDOWS\System32\Wbem;C:\WINDOWS\System32\WindowsPowerShell\v1.0\;C:\WINDOWS\System32\OpenSSH\;C:\Program Files\dotnet\;C:\Program Files\Microsoft SQL Server\150\Tools\Binn\;C:\Program Files\Microsoft SQL Server\Client SDK\ODBC\170\Tools\Binn\;C:\Program Files\Go\bin;C:\MinGW\bin;C:\Program Files\Git\cmd;C:\Program Files\nodejs\;c:\Users\Nguend Arthur Johann\AppData\Local\Programs\cursor\resources\app\bin;C:\Program Files\Docker\Docker\resources\bin;C:\Program Files (x86)\Windows Kits\10\Windows Performance Toolkit\;C:\Program Files\Microsoft SQL Server\170\Tools\Binn\;C:\Android\Sdk;C:\Program Files\PowerShell\7\;C:\Program Files\CMake\bin;C:\Program Files\MySQL\MySQL Shell 8.0\bin\;C:\Users\Nguend Arthur Johann\AppData\Local\Microsoft\WindowsApps;C:\Users\Nguend Arthur Johann\AppData\Local\Programs\Microsoft VS Code\bin;C:\Users\Nguend Arthur Johann\AppData\Local\GitHubDesktop\bin;C:\Users\Nguend Arthur Johann\go\bin;C:\Users\Nguend Arthur Johann\AppData\Local\Programs\Python\Python312;C:\Users\Nguend Arthur Johann\AppData\Local\Programs\Python\Python314;C:\Program Files\JetBrains\PyCharm Community Edition 2024.3.1\bin;C:\Users\Nguend Arthur Johann\AppData\Roaming\Python\Python313\Scripts;C:\Users\Nguend Arthur Johann\AppData\Local\Pub\Cache\bin;C:\flutter\flutter\bin;C:\Program Files\Android\Android Studio\jbr\bin;C:\Users\Nguend Arthur Johann\.dotnet\tools;C:\Users\Nguend Arthur Johann\.lmstudio\bin;C:\Android\Sdk\platform-tools;C:\Android\Sdk\cmdline-tools\latest\bin;C:\Program Files\Eclipse Adoptium\jdk-21.0.3.9-hotspot\bin;C:\Users\Nguend Arthur Johann\AppData\Local\Microsoft\WinGet\Links;C:\Users\Nguend Arthur Johann\.dotnet\tools;C:\Users\Nguend Arthur Johann\AppData\Local\gh-cli\bin;C:\Users\Nguend Arthur Johann\AppData\Roaming\npm
USERNAME=Nguend Arthur Johann
OS=Windows_NT
PROCESSOR_IDENTIFIER=Intel64 Family 6 Model 154 Stepping 4, GenuineIntel
TMP=C:\Users\Nguend Arthur Johann\AppData\Local\Temp
TEMP=C:\Users\Nguend Arthur Johann\AppData\Local\Temp




Periodic native trim disabled

---------------  S Y S T E M  ---------------

OS:
 Windows 11 , 64 bit Build 26100 (10.0.26100.8115)
OS uptime: 1 days 13:09 hours
Hyper-V role detected

CPU: total 12 (initial active 12) (6 cores per cpu, 2 threads per core) family 6 model 154 stepping 4 microcode 0x437, cx8, cmov, fxsr, ht, mmx, 3dnowpref, sse, sse2, sse3, ssse3, sse4.1, sse4.2, popcnt, lzcnt, tsc, tscinvbit, avx, avx2, aes, erms, clmul, bmi1, bmi2, adx, sha, fma, vzeroupper, clflush, clflushopt, clwb, hv, serialize, rdtscp, rdpid, fsrm, f16c, cet_ibt, cet_ss
Processor Information for all 12 processors :
  Max Mhz: 1700, Current Mhz: 1700, Mhz Limit: 1700

Memory: 4k page, system-wide physical 16068M (1092M free)
TotalPageFile size 50898M (AvailPageFile size 0M)
current process WorkingSet (physical memory assigned to process): 407M, peak: 410M
current process commit charge ("private bytes"): 450M, peak: 453M

vm_info: OpenJDK 64-Bit Server VM (21.0.3+9-LTS) for windows-amd64 JRE (21.0.3+9-LTS), built on 2024-04-16T00:00:00Z by "admin" with MS VC++ 17.7 (VS2022)

END.
